
[main 2026-07-04T06:26:02.825Z] PolicyConfiguration#initialize
[main 2026-07-04T06:26:02.849Z] PolicyConfiguration#updatePolicyDefinitions [
  'update.mode',
  'update.channel',
  'update.enableWindowsBackgroundUpdates',
  'update.showReleaseNotes',
  'http.useLocalProxyConfiguration',
  'http.electronFetch',
  'http.proxy',
  'http.proxyStrictSSL',
  'http.proxyKerberosServicePrincipal',
  'http.noProxy',
  'http.proxyAuthorization',
  'http.proxySupport',
  'http.systemCertificates',
  'http.experimental.systemCertificatesV2',
  'http.fetchAdditionalSupport',
  'telemetry.telemetryLevel',
  'telemetry.feedback.enabled',
  'telemetry.enableTelemetry'
]
[main 2026-07-04T06:26:02.883Z] NativePolicyService#_updatePolicyDefinitions - Found 3 policy definitions
[main 2026-07-04T06:26:02.917Z] [File Watcher (node.js)] Request to start watching: f:\orbiteditor\.orbit-test-profile\User (excludes: <none>, includes: <all>, filter: <none>, correlationId: <none>),f:\orbiteditor\.orbit-test-profile\User\settings.json (excludes: <none>, includes: <all>, filter: <none>, correlationId: <none>)
[main 2026-07-04T06:26:02.927Z] [File Watcher (node.js)] ignoring a path for watching who's stat info failed to resolve: f:\orbiteditor\.orbit-test-profile\User\settings.json (error: Error: ENOENT: no such file or directory, stat 'f:\orbiteditor\.orbit-test-profile\User\settings.json')
[main 2026-07-04T06:26:02.933Z] [File Watcher (node.js)] starting fs.watchFile() on f:\orbiteditor\.orbit-test-profile\User\settings.json (correlationId: undefined)
[main 2026-07-04T06:26:02.949Z] NativePolicyService#_onDidPolicyChange - Updated policy values: {}
[main 2026-07-04T06:26:02.951Z] PolicyConfiguration#update [
  'update.mode',
  'telemetry.telemetryLevel',
  'telemetry.feedback.enabled'
]
[main 2026-07-04T06:26:02.967Z] PolicyConfiguration#updatePolicyDefinitions []
[main 2026-07-04T06:26:02.984Z] PolicyConfiguration#update []
[main 2026-07-04T06:26:03.006Z] Starting VS Code
[main 2026-07-04T06:26:03.009Z] from: f:\Orbit-win32-x64\resources\app
[main 2026-07-04T06:26:03.026Z] args: {
  _: [],
  diff: false,
  merge: false,
  add: false,
  remove: false,
  goto: false,
  'new-window': false,
  'reuse-window': false,
  wait: false,
  'user-data-dir': 'F:\\orbiteditor\\.orbit-test-profile',
  help: false,
  'list-extensions': false,
  'show-versions': false,
  'pre-release': false,
  'update-extensions': false,
  version: false,
  verbose: true,
  log: [ 'trace' ],
  status: false,
  'prof-startup': false,
  'no-cached-data': false,
  'prof-v8-extensions': false,
  'disable-extensions': false,
  'disable-lcd-text': false,
  'disable-gpu': false,
  'disable-chromium-sandbox': false,
  sandbox: false,
  telemetry: false,
  debugRenderer: false,
  'enable-smoke-test-driver': false,
  logExtensionHostCommunication: false,
  'skip-release-notes': false,
  'skip-welcome': false,
  'disable-telemetry': false,
  'disable-updates': false,
  'use-inmemory-secretstorage': false,
  'disable-workspace-trust': false,
  'disable-crash-reporter': false,
  'skip-add-to-recently-opened': false,
  'open-url': false,
  'file-write': false,
  'file-chmod': false,
  force: false,
  'do-not-sync': false,
  'do-not-include-pack-dependencies': false,
  trace: false,
  'trace-memory-infra': false,
  'preserve-env': false,
  'force-user-env': false,
  'force-disable-user-env': false,
  'open-devtools': false,
  'disable-gpu-sandbox': false,
  '__enable-file-policy': false,
  'enable-coi': false,
  'no-proxy-server': false,
  'no-sandbox': false,
  nolazy: false,
  'force-renderer-accessibility': false,
  'ignore-certificate-errors': false,
  'allow-insecure-localhost': false,
  'disable-dev-shm-usage': false,
  'profile-temp': false,
  logsPath: 'F:\\orbiteditor\\.orbit-test-profile\\logs\\20260704T115602'
}
[main 2026-07-04T06:26:03.043Z] Resolving machine identifier...
[main 2026-07-04T06:26:03.090Z] [File Watcher (node.js)] Started watching: 'f:\orbiteditor\.orbit-test-profile\User'
[main 2026-07-04T06:26:03.162Z] Resolved machine identifier: 2cfee9ae56e65b8c71b3d9a07320a8968c52b4a71dd9b6f1da6760f4aeddc99a
[main 2026-07-04T06:26:03.211Z] Main->SharedProcess#connect
[main 2026-07-04T06:26:03.221Z] PolicyConfiguration#updatePolicyDefinitions [
  'terminal.integrated.automationProfile.linux',
  'terminal.integrated.automationProfile.osx',
  'terminal.integrated.automationProfile.windows',
  'terminal.integrated.profiles.windows',
  'terminal.integrated.profiles.osx',
  'terminal.integrated.profiles.linux',
  'terminal.integrated.useWslProfiles',
  'terminal.integrated.inheritEnv',
  'terminal.integrated.persistentSessionScrollback',
  'terminal.integrated.showLinkHover',
  'terminal.integrated.ignoreProcessNames'
]
[main 2026-07-04T06:26:03.222Z] PolicyConfiguration#updatePolicyDefinitions [
  'terminal.integrated.defaultProfile.linux',
  'terminal.integrated.defaultProfile.osx',
  'terminal.integrated.defaultProfile.windows'
]
[main 2026-07-04T06:26:03.222Z] PolicyConfiguration#update []
[main 2026-07-04T06:26:03.223Z] PolicyConfiguration#update []
[main 2026-07-04T06:26:03.224Z] StorageMainService: creating application storage
Using browser executable: C:\Program Files\Google\Chrome\Application\chrome.exe
[main 2026-07-04T06:26:03.230Z] ElectronURLListener: waiting for window to be ready to handle URLs...
[main 2026-07-04T06:26:03.231Z] lifecycle (main): phase changed (value: 2)
[main 2026-07-04T06:26:03.231Z] windowsManager#open
[main 2026-07-04T06:26:03.232Z] windowsManager#open pathsToOpen [ [Object: null prototype] {} ]
[main 2026-07-04T06:26:03.232Z] windowsManager#doOpenEmpty {
  restore: false,
  remoteAuthority: undefined,
  filesToOpen: undefined,
  forceNewWindow: false
}
[main 2026-07-04T06:26:03.235Z] IPC Object URL: Registered new channel vscode:cd2bd4fb-817d-4d55-9157-eda00d3155a6.
[main 2026-07-04T06:26:03.236Z] window#validateWindowState: validating window state on 1 display(s) {
  width: 1200,
  height: 800,
  mode: 1,
  x: 200,
  y: 50,
  hasDefaultState: true
}
[main 2026-07-04T06:26:03.236Z] window#validateWindowState: single monitor working area { x: 0, y: 0, width: 1600, height: 852 }
[main 2026-07-04T06:26:03.237Z] window#ctor: using window state {
  width: 1200,
  height: 800,
  mode: 1,
  x: 200,
  y: 50,
  hasDefaultState: true
}
[main 2026-07-04T06:26:03.266Z] window#load: attempt to load window (id: 1)
[main 2026-07-04T06:26:03.276Z] windowsManager#open used window count 1 (workspacesToOpen: 0, foldersToOpen: 0, emptyToRestore: 0, maybeOpenEmptyWindow: true)
[main 2026-07-04T06:26:03.289Z] lifecycle (main): phase changed (value: 3)
[main 2026-07-04T06:26:03.289Z] resolveShellEnv(): skipped (Windows)
[main 2026-07-04T06:26:03.290Z] update#setState disabled
[main 2026-07-04T06:26:03.291Z] update#ctor - updates are disabled as there is no update URL
[main 2026-07-04T06:26:03.332Z] [File Watcher (node.js)] [raw] ["change"] globalStorage
[main 2026-07-04T06:26:03.338Z] [File Watcher (node.js)] [CHANGED] f:\orbiteditor\.orbit-test-profile\User\globalStorage
[main 2026-07-04T06:26:03.366Z] [File Watcher (node.js)] [raw] ["change"] globalStorage
[main 2026-07-04T06:26:03.372Z] [File Watcher (node.js)] [CHANGED] f:\orbiteditor\.orbit-test-profile\User\globalStorage
[main 2026-07-04T06:26:03.391Z] [File Watcher (node.js)] [raw] ["change"] globalStorage
[main 2026-07-04T06:26:03.398Z] [File Watcher (node.js)] [CHANGED] f:\orbiteditor\.orbit-test-profile\User\globalStorage
[main 2026-07-04T06:26:03.409Z] resolveShellEnv(): skipped (Windows)
[main 2026-07-04T06:26:03.417Z] [File Watcher (node.js)] [raw] ["change"] globalStorage
[main 2026-07-04T06:26:03.417Z] [File Watcher (node.js)] [CHANGED] f:\orbiteditor\.orbit-test-profile\User\globalStorage
[main 2026-07-04T06:26:03.420Z] [File Watcher (node.js)] [raw] ["change"] globalStorage
[main 2026-07-04T06:26:03.421Z] [File Watcher (node.js)] [CHANGED] f:\orbiteditor\.orbit-test-profile\User\globalStorage
User is opted out of basic Orbit metrics? false
Orbit posthog metrics info: {
  "distinctId": "1a14e4ea-917e-4467-8732-897f515f45b2",
  "properties": {
    "commit": "9a78165867bad2787c598fcb1f6b11a20bffe151",
    "vscodeVersion": "0.1.0",
    "os": "windows",
    "distinctId": "1a14e4ea-917e-4467-8732-897f515f45b2",
    "distinctIdUser": "af2487c2-4e68-4449-94d6-8f23e6609f57",
    "oldId": "NULL",
    "isDevMode": false,
    "platform": "win32",
    "arch": "x64"
  }
}
[main 2026-07-04T06:26:03.453Z] [File Watcher (node.js)]  >> normalized [CHANGED] f:\orbiteditor\.orbit-test-profile\User\globalStorage
[main 2026-07-04T06:26:03.453Z] User data changed
[main 2026-07-04T06:26:03.485Z] [File Watcher (node.js)] [raw] ["change"] globalStorage
[main 2026-07-04T06:26:03.486Z] [File Watcher (node.js)] [CHANGED] f:\orbiteditor\.orbit-test-profile\User\globalStorage
[main 2026-07-04T06:26:03.487Z] [File Watcher (node.js)] [raw] ["change"] globalStorage
[main 2026-07-04T06:26:03.488Z] [File Watcher (node.js)] [CHANGED] f:\orbiteditor\.orbit-test-profile\User\globalStorage
[main 2026-07-04T06:26:03.561Z] [File Watcher (node.js)]  >> normalized [CHANGED] f:\orbiteditor\.orbit-test-profile\User\globalStorage
[main 2026-07-04T06:26:03.566Z] User data changed
[main 2026-07-04T06:26:03.603Z] [File Watcher (node.js)] [raw] ["change"] globalStorage
[main 2026-07-04T06:26:03.604Z] [File Watcher (node.js)] [CHANGED] f:\orbiteditor\.orbit-test-profile\User\globalStorage
[main 2026-07-04T06:26:03.693Z] [File Watcher (node.js)]  >> normalized [CHANGED] f:\orbiteditor\.orbit-test-profile\User\globalStorage
[main 2026-07-04T06:26:03.694Z] User data changed
[main 2026-07-04T06:26:03.756Z] [File Watcher (node.js)] Request to stop watching: f:\orbiteditor\.orbit-test-profile\User\settings.json (excludes: <none>, includes: <all>, filter: <none>, correlationId: <none>)
[main 2026-07-04T06:26:03.757Z] [File Watcher (node.js)] stopping file watcher (f:\orbiteditor\.orbit-test-profile\User\settings.json (excludes: <none>, includes: <all>, filter: <none>, correlationId: <none>))
Browser automation initialized successfully
[main 2026-07-04T06:26:05.791Z] lifecycle (main): phase changed (value: 4)
[main 2026-07-04T06:26:06.623Z] Lifecycle#window.on('close') - window ID 1
[main 2026-07-04T06:26:06.625Z] Lifecycle#onBeforeCloseWindow.fire() - window ID 1
[main 2026-07-04T06:26:06.633Z] IPC Object URL: Removed channel vscode:cd2bd4fb-817d-4d55-9157-eda00d3155a6.
[main 2026-07-04T06:26:06.634Z] Lifecycle#window.on('closed') - window ID 1
[main 2026-07-04T06:26:06.635Z] Lifecycle#onWillShutdown.fire()
[main 2026-07-04T06:26:06.636Z] Lifecycle#onWillShutdown - begin 'instanceLockfile'
[main 2026-07-04T06:26:06.636Z] storageMainService#onWillShutdown()
[main 2026-07-04T06:26:06.637Z] Lifecycle#onWillShutdown - begin 'applicationStorage'
[main 2026-07-04T06:26:06.637Z] Lifecycle#onWillShutdown - begin 'extHostStarter'
[main 2026-07-04T06:26:06.638Z] Lifecycle#onWillShutdown - end 'extHostStarter'
[main 2026-07-04T06:26:06.638Z] Lifecycle#app.on(window-all-closed)
[main 2026-07-04T06:26:06.639Z] Lifecycle#app.on(before-quit)
[main 2026-07-04T06:26:06.639Z] Lifecycle#onBeforeShutdown.fire()
[main 2026-07-04T06:26:06.640Z] [WindowsStateHandler] onBeforeShutdown {
  lastActiveWindow: {
    workspaceIdentifier: undefined,
    folder: undefined,
    backupPath: 'F:\\orbiteditor\\.orbit-test-profile\\Backups\\1783146363665',
    remoteAuthority: undefined,
    uiState: [Object: null prototype] {
      mode: 1,
      x: 200,
      y: 50,
      width: 1200,
      height: 800,
      zoomLevel: undefined
    }
  },
  lastPluginDevelopmentHostWindow: undefined,
  openedWindows: []
}
[main 2026-07-04T06:26:06.640Z] Lifecycle#app.on(will-quit) - begin
[main 2026-07-04T06:26:06.642Z] Lifecycle#onWillShutdown - end 'instanceLockfile'
[main 2026-07-04T06:26:06.642Z] [File Watcher (node.js)] stopping fs.watchFile() on f:\orbiteditor\.orbit-test-profile\User\settings.json (correlationId: undefined)
[main 2026-07-04T06:26:06.645Z] [File Watcher (node.js)] Request to stop watching: f:\orbiteditor\.orbit-test-profile\User (excludes: <none>, includes: <all>, filter: <none>, correlationId: <none>)
[main 2026-07-04T06:26:06.646Z] [File Watcher (node.js)] stopping file watcher (f:\orbiteditor\.orbit-test-profile\User (excludes: <none>, includes: <all>, filter: <none>, correlationId: <none>))
[main 2026-07-04T06:26:06.664Z] StorageMainService: closed application storage
[main 2026-07-04T06:26:06.671Z] Lifecycle#onWillShutdown - end 'applicationStorage'
[main 2026-07-04T06:26:06.689Z] Lifecycle#app.on(will-quit) - after fireOnWillShutdown
[main 2026-07-04T06:26:06.690Z] Lifecycle#app.on(will-quit) - calling app.quit()
